syscalls.c:49:6:initialise_monitor_handles	0	static
syscalls.c:53:5:_getpid	0	static
syscalls.c:58:5:_kill	8	static
syscalls.c:64:6:_exit	8	static
syscalls.c:70:27:_read	16	static
syscalls.c:83:5:_write	8	static,ignoring_inline_asm
syscalls.c:105:5:_close	0	static
syscalls.c:111:5:_fstat	0	static
syscalls.c:117:5:_isatty	0	static
syscalls.c:122:5:_lseek	0	static
syscalls.c:127:5:_open	0	static
syscalls.c:133:5:_wait	8	static
syscalls.c:139:5:_unlink	8	static
syscalls.c:145:5:_times	0	static
syscalls.c:150:5:_stat	0	static
syscalls.c:156:5:_link	8	static
syscalls.c:162:5:_fork	8	static
syscalls.c:168:5:_execve	8	static
