main.c:132:13:hid_send_stop	8	static
main.c:148:13:hid_send_start	8	static
main.c:165:6:setLed	16	static
main.c:184:5:main	24	static
main.c:284:6:SystemClock_Config	104	static
main.c:335:13:MX_I2C1_Init	8	static
main.c:369:13:MX_I2S2_Init	8	static
main.c:403:13:MX_SDIO_SD_Init	4	static
main.c:431:13:MX_TIM1_Init	80	static
main.c:494:13:MX_DMA_Init	16	static
main.c:512:13:MX_GPIO_Init	48	static
main.c:539:6:HAL_I2S_TxCpltCallback	16	static
main.c:547:6:HAL_I2S_TxHalfCpltCallback	16	static
main.c:560:6:Error_Handler	4	static
